prisma.config.ts(4,30): error TS2307: Cannot find module 'prisma/config' or its corresponding type declarations.
src/auth/auth.module.ts(15,22): error TS2322: Type 'string' is not assignable to type 'number | StringValue | undefined'.
src/auth/jwt.strategy.ts(4,31): error TS2307: Cannot find module '../../prisma/prisma.service' or its corresponding type declarations.
